<html>
<body>
<pre>
<h1>µVision Build Log</h1>
<h2>Tool Versions:</h2>
IDE-Version: ¦ÌVision V5.23.0.0
Copyright (C) 2017 ARM Ltd and ARM Germany GmbH. All rights reserved.
License Information: sss Microsoft, Microsoft, LIC=ATTCX-HS9YE-CJR6Z-J6Q2X-HUEX9-SZ4GD
 
Tool Versions:
Toolchain:       MDK-ARM Plus  Version: 5.23
Toolchain Path:  F:\KEIL4\MDK5\ARM\ARMCC\Bin
C Compiler:      Armcc.exe V5.06 update 4 (build 422)
Assembler:       Armasm.exe V5.06 update 4 (build 422)
Linker/Locator:  ArmLink.exe V5.06 update 4 (build 422)
Library Manager: ArmAr.exe V5.06 update 4 (build 422)
Hex Converter:   FromElf.exe V5.06 update 4 (build 422)
CPU DLL:         SARMCM3.DLL V5.23
Dialog DLL:      DCM.DLL V1.15.0.0
Target DLL:      Segger\JL2CM3.dll V2.99.23.0
Dialog DLL:      TCM.DLL V1.27.0.0
 
<h2>Project:</h2>
D:\Documents\Tencent Files\1034113547\FileRecv\2017SelfAdaptiveFilter1\2017SelfAdaptiveFilter\USER\SelfAdaptiveFilter.uvprojx
Project File Date:  08/14/2017

<h2>Output:</h2>
*** Using Compiler 'V5.06 update 4 (build 422)', folder: 'F:\KEIL4\MDK5\ARM\ARMCC\Bin'
Build target 'ADC'
compiling main.c...
main.c(23): warning:  #177-D: variable "adcx"  was declared but never referenced
   	u16 adcx,i;
main.c(24): warning:  #177-D: variable "t"  was declared but never referenced
  	u8 t=0;
main.c(25): warning:  #177-D: variable "temp"  was declared but never referenced
  	float temp;
main.c: 3 warnings, 0 errors
linking...
Program Size: Code=19232 RO-data=35416 RW-data=64 ZI-data=9024  
FromELF: creating hex file...
"..\OBJ\ADC.axf" - 0 Error(s), 3 Warning(s).

<h2>Software Packages used:</h2>

Package Vendor: ARM
                http://www.keil.com/pack/ARM.CMSIS.5.0.1.pack
                ARM::CMSIS:CORE:5.0.1
                CMSIS (Cortex Microcontroller Software Interface Standard)
   * Component: CORE Version: 5.0.1

<h2>Collection of Component include folders:</h2>
  .\RTE\_ADC
  F:\KEIL4\MDK5\ARM\PACK\ARM\CMSIS\5.0.1\CMSIS\Include
  F:\KEIL4\MDK5\ARM\PACK\Keil\STM32F4xx_DFP\2.11.0\Drivers\CMSIS\Device\ST\STM32F4xx\Include

<h2>Collection of Component Files used:</h2>

   * Component: ARM::CMSIS:CORE:5.0.1
Build Time Elapsed:  00:00:03
</pre>
</body>
</html>
